Info: Starting: Create block symbol file (.bsf)
Info: qsys-generate D:\07_NewElectronic\FPGAProjects\MAX10_ADC\fpga\MAX10_ADC\ADC.qsys --block-symbol-file --output-directory=D:\07_NewElectronic\FPGAProjects\MAX10_ADC\fpga\MAX10_ADC\ADC --family="MAX 10" --part=10M50DAF484C8G
Progress: Loading MAX10_ADC/ADC.qsys
Progress: Reading input file
Progress: Adding modular_adc_0 [altera_modular_adc 16.1]
Progress: Parameterizing module modular_adc_0
Progress: Building connections
Progress: Parameterizing connections
Progress: Validating
Progress: Done reading input file
Info: qsys-generate succeeded.
Info: Finished: Create block symbol file (.bsf)
Info: 
Info: Starting: Create HDL design files for synthesis
Info: qsys-generate D:\07_NewElectronic\FPGAProjects\MAX10_ADC\fpga\MAX10_ADC\ADC.qsys --synthesis=VHDL --output-directory=D:\07_NewElectronic\FPGAProjects\MAX10_ADC\fpga\MAX10_ADC\ADC\synthesis --family="MAX 10" --part=10M50DAF484C8G
Progress: Loading MAX10_ADC/ADC.qsys
Progress: Reading input file
Progress: Adding modular_adc_0 [altera_modular_adc 16.1]
Progress: Parameterizing module modular_adc_0
Progress: Building connections
Progress: Parameterizing connections
Progress: Validating
Progress: Done reading input file
Info: ADC: Generating ADC "ADC" for QUARTUS_SYNTH
Info: modular_adc_0: "ADC" instantiated altera_modular_adc "modular_adc_0"
Info: control_internal: "modular_adc_0" instantiated altera_modular_adc_control "control_internal"
Info: ADC: Done "ADC" with 3 modules, 9 files
Info: qsys-generate succeeded.
Info: Finished: Create HDL design files for synthesis
